bb-a90-3x3.dat             Beam L90 3 x 3
bb-b-20x1.dat              Beam 20 x 1
bb-bbox-s-4xAA.dat         Batery Case 4 x AA
bb-bbox-s-5xAA.dat         Batery Case 5 x AA
bb-bbox-sb-4xAA.dat        Beam for Batery Case 4 x AA
bb-drv-mbkitronic.dat      Kitronic Motor Driver Box
bb-h-8x10.dat              Beam H 8 x 10
bb-mot-gearbox.dat         Gearbox Motor Mount
bb-o-10x7.dat              Beam Frame 10 x 7
bb-pivot.dat               Ping-Ping Pivot Wheel
bb-sen-us.dat              Ultrasonic Sensor Box
bb-t-6x4.dat               Beam T 6 x 4
bb-wg-53.dat               Beam Wheel 53 for Gearbox Motor
bb-wg-53_with_ring.dat     Wheel with ring
drv-mbkitronic.dat         Kitronic Motor Driver for BBC Micro:bit
gearbox-motor.dat          Gearbox Motor
hc-s04.dat                 HC-S04 Ultrasound Sensor
nut-M3.dat                 Nut M3
nut-M4.dat                 Nut M4
o-ring-53.dat              O ring 53
ping-pong.dat              Ping-Pong Ball
sc-M3x10.dat               Screw M3 x 10
sc-M3x20.dat               Screw M3 x 20
sc-M3x25.dat               Screw M3 x 25
sc-M4x20.dat               Screw M4 x 20
sc-M4x30.dat               Screw M4 x 30
sc-M4x35.dat               Screw M4 x 35
washer-M3x3.dat            Washer M3 x 3
